converged SCF energy = -76.024038511513
   System Information:
   ----------------------------------------------------
     Number of correlated electrons = 8
     Number of correlated orbitals = 46
     Number of frozen orbitals = 2
     Number of occupied orbitals = 8
     Number of unoccupied orbitals = 38
     Charge = 0
     Symmetry group = C2V
     Spin multiplicity of reference = 1

      MO #        Energy (a.u.)      Symmetry    Occupation
  -----------------------------------------------------------
         1           -20.549977            A1           2.0
         2            -1.322974            A1           2.0
         3            -0.700162            B2           2.0
         4            -0.550962            A1           2.0
         5            -0.489508            B1           2.0
         6             0.183200            A1           0.0
         7             0.252970            B2           0.0
         8             0.798319            B2           0.0
         9             0.809777            A1           0.0
        10             1.162582            A1           0.0
        11             1.201770            B1           0.0
        12             1.247938            B2           0.0
        13             1.453909            A2           0.0
        14             1.498062            A1           0.0
        15             1.702166            B1           0.0
        16             1.882574            B2           0.0
        17             1.885220            A1           0.0
        18             2.429776            B2           0.0
        19             2.436671            A1           0.0
        20             3.238118            B1           0.0
        21             3.343815            A2           0.0
        22             3.442925            A1           0.0
        23             3.904617            A1           0.0
        24             4.089524            B2           0.0

   Nuclear Repulsion Energy = 9.009354229662662
   Reference Energy = -76.02403851151293

    ==> CCSD amplitude equations <==

     Iter               Energy                 |dE|                 |dT|
        0      -0.202386791289       0.202386791289       1.924848047408    0.00m 0.27s
        1      -0.207475444721       0.005088653432       0.266761255845    0.00m 0.23s
        2      -0.210773813570       0.003298368849       0.072240205459    0.00m 0.22s
        3      -0.211525767723       0.000751954153       0.026989053602    0.00m 0.23s
        4      -0.211826745623       0.000300977900       0.011021629726    0.00m 0.22s
        5      -0.211937377097       0.000110631474       0.004738943948    0.00m 0.22s
        6      -0.211982801971       0.000045424873       0.002127119602    0.00m 0.22s
        7      -0.212001537861       0.000018735891       0.000991911893    0.00m 0.22s
        8      -0.212009567104       0.000008029242       0.000483028312    0.00m 0.22s
        9      -0.212013061100       0.000003493996       0.000245298056    0.00m 0.23s
       10      -0.212015953419       0.000002892319       0.000001834197    0.00m 0.23s
       11      -0.212015956083       0.000000002664       0.000000381873    0.00m 0.26s

    CC Correlation Energy:      -0.212015956067

CC calculation completed in 0.00m 3.02s
Initial guess energies:
  Guess root  1  =  0.19469464089532862
  Guess root  2  =  0.19469464089532895
  Guess root  3  =  0.26554195407814474
  Guess root  4  =  0.2655419540781453
  Guess root  5  =  0.8161909560561301
  Guess root  6  =  0.8161909560561332
  Guess root  7  =  0.8270357551230173
  Guess root  8  =  0.8270357551230174
  Guess root  9  =  1.183410024250941
  Guess root  10  =  1.1834100242509482

    ==> EA-EOMCC(3p-2h) iterations <==

     Iter               Energy                 |dE|                 |dR|
        1       0.194694640895       0.000000000000       0.390058128882    0.00m 0.93s
        2       0.164011643235      -0.030682997661       0.257839920200    0.00m 1.27s
        3       0.163810565956      -0.000201077279       0.056134641259    0.00m 1.32s
        4       0.164040777394       0.000230211438       0.019525287393    0.00m 1.78s
        5       0.163764810426      -0.000275966968       0.006477150728    0.00m 6.30s
        6       0.163791065801       0.000026255375       0.002200834940    0.00m 6.26s
        7       0.163790136195      -0.000000929606       0.000865163434    0.00m 3.98s
        8       0.163787537113      -0.000002599083       0.000357164615    0.00m 2.52s
        9       0.163788477986       0.000000940873       0.000126272236    0.00m 2.73s
       10       0.163788168062      -0.000000309923       0.000036354138    0.00m 2.96s
       11       0.163788153771      -0.000000014292       0.000010185655    0.00m 3.67s
       12       0.163788135731      -0.000000018040       0.000002699063    0.00m 3.87s
       13       0.163788134002      -0.000000001728       0.000000613005    0.00m 3.72s
       14       0.163788132523      -0.000000001480       0.000000146596    0.00m 3.75s
       15       0.163788132193      -0.000000000330       0.000000036848    0.00m 4.37s

    EOMCC Excitation Energy:       0.163788132193
    r0 =       0.000000000000
    REL =       1.018551066529

EOMCC calculation completed in 1.00m 47.18s
    ==> EA-EOMCC(3p-2h) iterations <==

     Iter               Energy                 |dE|                 |dR|
        1       0.265541954078       0.000000000000       0.387851006064    0.00m 0.33s
        2       0.236796451713      -0.028745502365       0.259008660111    0.00m 1.74s
        3       0.235386216842      -0.001410234871       0.066424842058    0.00m 1.36s
        4       0.235814344940       0.000428128097       0.027676049231    0.00m 1.44s
        5       0.235315852801      -0.000498492139       0.011291497500    0.00m 1.80s
        6       0.235370766536       0.000054913735       0.003603734399    0.00m 1.95s
        7       0.235358013528      -0.000012753008       0.001131853406    0.00m 3.08s
        8       0.235360688440       0.000002674912       0.000405638193    0.00m 3.57s
        9       0.235361033464       0.000000345024       0.000158899027    0.00m 4.30s
       10       0.235360739317      -0.000000294147       0.000057449090    0.00m 6.27s
