converged SCF energy = -3.99438325376334
   System Information:
   ----------------------------------------------------
     Number of correlated electrons = 8
     Number of correlated orbitals = 16
     Number of frozen orbitals = 0
     Number of occupied orbitals = 8
     Number of unoccupied orbitals = 8
     Charge = 0
     Symmetry group = D2H
     Spin multiplicity of reference = 1

      MO #        Energy (a.u.)      Symmetry    Occupation
  -----------------------------------------------------------
         1            -0.684816            Ag           2.0
         2            -0.519541           B3u           2.0
         3            -0.519534           B2u           2.0
         4            -0.193429            Ag           2.0
         5             0.124922           B1g           0.0
         6             0.625923           B2u           0.0
         7             0.625931           B3u           0.0
         8             0.991645           B1g           0.0

   Memory Usage: 87.078125 MB
   Nuclear Repulsion Energy = 8.586853719363038
   Reference Energy = -3.9943832537633384

    ==> CCSD amplitude equations <==

     Iter               Energy                 |dE|                 |dT|     Wall Time     Memory
        0      -0.098801979299       0.098801979299       0.851420062271    0.00m 0.02s    87.33 MB
        1      -0.131551055347       0.032749076048       0.314294664339    0.00m 0.01s    87.33 MB
        2      -0.145119385529       0.013568330183       0.156005226024    0.00m 0.02s    87.33 MB
        3      -0.152130591820       0.007011206291       0.108511626509    0.00m 0.01s    87.33 MB
        4      -0.156671525471       0.004540933651       0.092291745703    0.00m 0.02s    87.33 MB
        5      -0.160092571006       0.003421045534       0.083457778841    0.00m 0.02s    87.33 MB
        6      -0.162918757186       0.002826186181       0.076114002523    0.00m 0.02s    87.33 MB
        7      -0.188226554043       0.025307796857       0.014154986646    0.00m 0.02s    87.33 MB
        8      -0.186092348979       0.002134205064       0.004586209333    0.00m 0.02s    87.33 MB
        9      -0.185028834304       0.001063514675       0.001390651509    0.00m 0.02s    87.33 MB
       10      -0.185293601154       0.000264766851       0.000252640256    0.00m 0.02s    87.33 MB
       11      -0.185298160537       0.000004559383       0.000086534012    0.00m 0.02s    87.33 MB
       12      -0.185282653449       0.000015507088       0.000023295662    0.00m 0.02s    87.33 MB
       13      -0.185284037633       0.000001384185       0.000004515378    0.00m 0.02s    87.33 MB
       14      -0.185283842735       0.000000194898       0.000000605787    0.00m 0.02s    87.33 MB
       15      -0.185283843986       0.000000001251       0.000000122708    0.00m 0.02s    87.33 MB

    CC Correlation Energy:      -0.185283834168

    Largest Singly and Doubly Excited Amplitudes
    --------------------------------------------
          i -> a
          i j -> a b
     [1]  4A 4B -> 5A 5B    -0.7320334985979617
     [2]  2A 4B -> 5A 6B    -0.15178369626061097
     [3]  3A 4B -> 5A 7B    0.1517824789491176
     [4]  1A 4B -> 5A 8B    0.09495831122851543
     [5]  2B 4A -> 5B 6A    -0.15178369626061097
     [6]  3B 4A -> 5B 7A    0.15178247894911773
     [7]  1B 4A -> 5B 8A    0.09495831122851545

    CC calculation completed in 0.00m 0.26s
    Memory usage: 87.328125 MB

    ==> Left-CCSD amplitude equations <==

     Iter               Energy                 |dE|                 |dL|     Wall Time     Memory
        0       0.165515272955       0.165515272955       0.315603815352    0.00m 0.01s    87.33 MB
        1       0.059287252277       0.106228020677       0.100155727347    0.00m 0.01s    87.33 MB
        2       0.031132412625       0.028154839652       0.051218286642    0.00m 0.01s    87.33 MB
        3       0.020658760000       0.010473652625       0.032307290897    0.00m 0.01s    87.33 MB
        4       0.016253500890       0.004405259110       0.024227442920    0.00m 0.01s    87.33 MB
        5       0.014060556666       0.002192944224       0.021322440359    0.00m 0.01s    87.33 MB
        6       0.012646761286       0.001413795380       0.019286373645    0.00m 0.01s    87.33 MB
        7       0.000668069286       0.011978692001       0.001058501001    0.00m 0.01s    87.33 MB
        8       0.000180517016       0.000487552270       0.000291149555    0.00m 0.01s    87.33 MB
        9       0.000061821472       0.000118695543       0.000090462869    0.00m 0.01s    87.33 MB
       10       0.000018170884       0.000043650588       0.000023982445    0.00m 0.01s    87.33 MB
       11       0.000003899156       0.000014271728       0.000005289095    0.00m 0.01s    87.33 MB
       12       0.000000775471       0.000003123684       0.000001192879    0.00m 0.01s    87.33 MB
       13       0.000000313497       0.000000461974       0.000000435063    0.00m 0.01s    87.33 MB
       14       0.000000223124       0.000000090374       0.000000291489    0.00m 0.01s    87.33 MB
       15       0.000000062754       0.000000160370       0.000000084821    0.00m 0.01s    87.33 MB

    Left-CC Excitation Energy:       0.000000009508

    Largest Singly and Doubly Excited Amplitudes
    --------------------------------------------
          i -> a
          i j -> a b
     [1]  4A 4B -> 5A 5B    -0.5471920133593271
     [2]  2A 4B -> 5A 6B    -0.10953072565564681
     [3]  3A 4B -> 5A 7B    0.10953007242441674
     [4]  2B 4A -> 5B 6A    -0.10953072565564681
     [5]  3B 4A -> 5B 7A    0.10953007242441684

    Left-CC calculation completed in 0.00m 0.12s
    Memory usage: 87.328125 MB


    Triples correction energy (A): -0.005796296779628643
    Triples correction energy (B): -0.004948944051003215
    Triples correction energy (C): -0.009555673458103623
    Triples correction energy (D): -0.008782223654906938

    CC calculation completed in 0.00m 0.20s
    Memory usage: 87.328125 MB

